============================= test session starts =============================
platform win32 -- Python 3.12.7, pytest-9.0.1, pluggy-1.6.0
rootdir: C:\Users\sakthi\AutoDevCrew
configfile: pytest.ini
plugins: anyio-4.11.0, langsmith-0.4.46
collected 0 items / 3 errors

=================================== ERRORS ====================================
________________ ERROR collecting tests/test_engineer_agent.py ________________
tests\test_engineer_agent.py:4: in <module>
    from src.core.orchestrator import Orchestrator
src\core\orchestrator.py:4: in <module>
    from src.core.llm import LLMEngine
src\core\llm.py:5: in <module>
    logger = setup_logging("LLM_Engine")
             ^^^^^^^^^^^^^^^^^^^^^^^^^^^
src\core\utils.py:10: in setup_logging
    logging.FileHandler(f"src/reports/daily_reports/system.log"),
    ^^^^^^^^^^^^^^^^^^^^^^^^^^^^^^^^^^^^^^^^^^^^^^^^^^^^^^^^^^^^
..\AppData\Local\Programs\Python\Python312\Lib\logging\__init__.py:1231: in __init__
    StreamHandler.__init__(self, self._open())
                                 ^^^^^^^^^^^^
..\AppData\Local\Programs\Python\Python312\Lib\logging\__init__.py:1263: in _open
    return open_func(self.baseFilename, self.mode,
E   FileNotFoundError: [Errno 2] No such file or directory: 'C:\\Users\\sakthi\\AutoDevCrew\\src\\reports\\daily_reports\\system.log'
___________________ ERROR collecting tests/test_pipeline.py ___________________
tests\test_pipeline.py:3: in <module>
    from src.core.orchestrator import Orchestrator
src\core\orchestrator.py:4: in <module>
    from src.core.llm import LLMEngine
src\core\llm.py:5: in <module>
    logger = setup_logging("LLM_Engine")
             ^^^^^^^^^^^^^^^^^^^^^^^^^^^
src\core\utils.py:10: in setup_logging
    logging.FileHandler(f"src/reports/daily_reports/system.log"),
    ^^^^^^^^^^^^^^^^^^^^^^^^^^^^^^^^^^^^^^^^^^^^^^^^^^^^^^^^^^^^
..\AppData\Local\Programs\Python\Python312\Lib\logging\__init__.py:1231: in __init__
    StreamHandler.__init__(self, self._open())
                                 ^^^^^^^^^^^^
..\AppData\Local\Programs\Python\Python312\Lib\logging\__init__.py:1263: in _open
    return open_func(self.baseFilename, self.mode,
E   FileNotFoundError: [Errno 2] No such file or directory: 'C:\\Users\\sakthi\\AutoDevCrew\\src\\reports\\daily_reports\\system.log'
_________________ ERROR collecting tests/test_tester_agent.py _________________
tests\test_tester_agent.py:4: in <module>
    from src.core.orchestrator import Orchestrator
src\core\orchestrator.py:4: in <module>
    from src.core.llm import LLMEngine
src\core\llm.py:5: in <module>
    logger = setup_logging("LLM_Engine")
             ^^^^^^^^^^^^^^^^^^^^^^^^^^^
src\core\utils.py:10: in setup_logging
    logging.FileHandler(f"src/reports/daily_reports/system.log"),
    ^^^^^^^^^^^^^^^^^^^^^^^^^^^^^^^^^^^^^^^^^^^^^^^^^^^^^^^^^^^^
..\AppData\Local\Programs\Python\Python312\Lib\logging\__init__.py:1231: in __init__
    StreamHandler.__init__(self, self._open())
                                 ^^^^^^^^^^^^
..\AppData\Local\Programs\Python\Python312\Lib\logging\__init__.py:1263: in _open
    return open_func(self.baseFilename, self.mode,
E   FileNotFoundError: [Errno 2] No such file or directory: 'C:\\Users\\sakthi\\AutoDevCrew\\src\\reports\\daily_reports\\system.log'
=========================== short test summary info ===========================
ERROR tests/test_engineer_agent.py - FileNotFoundError: [Errno 2] No such fil...
ERROR tests/test_pipeline.py - FileNotFoundError: [Errno 2] No such file or d...
ERROR tests/test_tester_agent.py - FileNotFoundError: [Errno 2] No such file ...
!!!!!!!!!!!!!!!!!!! Interrupted: 3 errors during collection !!!!!!!!!!!!!!!!!!!
============================== 3 errors in 7.11s ==============================
